Archive member included to satisfy reference by file (symbol)

c:/program files (x86)/atmel/studio/7.0/toolchain/avr8/avr8-gnu-toolchain/bin/../lib/gcc/avr/5.4.0/avr25\libgcc.a(_exit.o)
                              C:/Program Files (x86)/Atmel/Studio/7.0/Packs/atmel/ATtiny_DFP/1.2.118/gcc/dev/attiny44a/avr25/crtattiny44a.o (exit)
c:/program files (x86)/atmel/studio/7.0/toolchain/avr8/avr8-gnu-toolchain/bin/../lib/gcc/avr/5.4.0/avr25\libgcc.a(_copy_data.o)
                              main.o (__do_copy_data)
c:/program files (x86)/atmel/studio/7.0/toolchain/avr8/avr8-gnu-toolchain/bin/../lib/gcc/avr/5.4.0/avr25\libgcc.a(_clear_bss.o)
                              buttons.o (__do_clear_bss)

Allocating common symbols
Common symbol       size              file

button0_status      0x1               buttons.o
button0_longTimer   0x1               buttons.o
button0_timer       0x1               buttons.o
button0_phase       0x1               buttons.o

Discarded input sections

 .data          0x00000000        0x0 C:/Program Files (x86)/Atmel/Studio/7.0/Packs/atmel/ATtiny_DFP/1.2.118/gcc/dev/attiny44a/avr25/crtattiny44a.o
 .bss           0x00000000        0x0 C:/Program Files (x86)/Atmel/Studio/7.0/Packs/atmel/ATtiny_DFP/1.2.118/gcc/dev/attiny44a/avr25/crtattiny44a.o
 .text          0x00000000        0x0 batterymeter.o
 .data          0x00000000        0x0 batterymeter.o
 .bss           0x00000000        0x0 batterymeter.o
 .text          0x00000000        0x0 buttons.o
 .data          0x00000000        0x0 buttons.o
 .bss           0x00000000        0x0 buttons.o
 .text.button0_proc
                0x00000000       0xca buttons.o
 .text          0x00000000        0x0 main.o
 .data          0x00000000        0x0 main.o
 .bss           0x00000000        0x0 main.o
 .text.disableINT0_IT
                0x00000000        0x8 main.o
 .text.enableINT0_IT
                0x00000000       0x14 main.o
 .text.goto_sleep
                0x00000000       0x3e main.o
 .text          0x00000000        0x0 c:/program files (x86)/atmel/studio/7.0/toolchain/avr8/avr8-gnu-toolchain/bin/../lib/gcc/avr/5.4.0/avr25\libgcc.a(_exit.o)
 .data          0x00000000        0x0 c:/program files (x86)/atmel/studio/7.0/toolchain/avr8/avr8-gnu-toolchain/bin/../lib/gcc/avr/5.4.0/avr25\libgcc.a(_exit.o)
 .bss           0x00000000        0x0 c:/program files (x86)/atmel/studio/7.0/toolchain/avr8/avr8-gnu-toolchain/bin/../lib/gcc/avr/5.4.0/avr25\libgcc.a(_exit.o)
 .text.libgcc.mul
                0x00000000        0x0 c:/program files (x86)/atmel/studio/7.0/toolchain/avr8/avr8-gnu-toolchain/bin/../lib/gcc/avr/5.4.0/avr25\libgcc.a(_exit.o)
 .text.libgcc.div
                0x00000000        0x0 c:/program files (x86)/atmel/studio/7.0/toolchain/avr8/avr8-gnu-toolchain/bin/../lib/gcc/avr/5.4.0/avr25\libgcc.a(_exit.o)
 .text.libgcc   0x00000000        0x0 c:/program files (x86)/atmel/studio/7.0/toolchain/avr8/avr8-gnu-toolchain/bin/../lib/gcc/avr/5.4.0/avr25\libgcc.a(_exit.o)
 .text.libgcc.prologue
                0x00000000        0x0 c:/program files (x86)/atmel/studio/7.0/toolchain/avr8/avr8-gnu-toolchain/bin/../lib/gcc/avr/5.4.0/avr25\libgcc.a(_exit.o)
 .text.libgcc.builtins
                0x00000000        0x0 c:/program files (x86)/atmel/studio/7.0/toolchain/avr8/avr8-gnu-toolchain/bin/../lib/gcc/avr/5.4.0/avr25\libgcc.a(_exit.o)
 .text.libgcc.fmul
                0x00000000        0x0 c:/program files (x86)/atmel/studio/7.0/toolchain/avr8/avr8-gnu-toolchain/bin/../lib/gcc/avr/5.4.0/avr25\libgcc.a(_exit.o)
 .text.libgcc.fixed
                0x00000000        0x0 c:/program files (x86)/atmel/studio/7.0/toolchain/avr8/avr8-gnu-toolchain/bin/../lib/gcc/avr/5.4.0/avr25\libgcc.a(_exit.o)
 .text          0x00000000        0x0 c:/program files (x86)/atmel/studio/7.0/toolchain/avr8/avr8-gnu-toolchain/bin/../lib/gcc/avr/5.4.0/avr25\libgcc.a(_copy_data.o)
 .data          0x00000000        0x0 c:/program files (x86)/atmel/studio/7.0/toolchain/avr8/avr8-gnu-toolchain/bin/../lib/gcc/avr/5.4.0/avr25\libgcc.a(_copy_data.o)
 .bss           0x00000000        0x0 c:/program files (x86)/atmel/studio/7.0/toolchain/avr8/avr8-gnu-toolchain/bin/../lib/gcc/avr/5.4.0/avr25\libgcc.a(_copy_data.o)
 .text.libgcc.mul
                0x00000000        0x0 c:/program files (x86)/atmel/studio/7.0/toolchain/avr8/avr8-gnu-toolchain/bin/../lib/gcc/avr/5.4.0/avr25\libgcc.a(_copy_data.o)
 .text.libgcc.div
                0x00000000        0x0 c:/program files (x86)/atmel/studio/7.0/toolchain/avr8/avr8-gnu-toolchain/bin/../lib/gcc/avr/5.4.0/avr25\libgcc.a(_copy_data.o)
 .text.libgcc   0x00000000        0x0 c:/program files (x86)/atmel/studio/7.0/toolchain/avr8/avr8-gnu-toolchain/bin/../lib/gcc/avr/5.4.0/avr25\libgcc.a(_copy_data.o)
 .text.libgcc.prologue
                0x00000000        0x0 c:/program files (x86)/atmel/studio/7.0/toolchain/avr8/avr8-gnu-toolchain/bin/../lib/gcc/avr/5.4.0/avr25\libgcc.a(_copy_data.o)
 .text.libgcc.builtins
                0x00000000        0x0 c:/program files (x86)/atmel/studio/7.0/toolchain/avr8/avr8-gnu-toolchain/bin/../lib/gcc/avr/5.4.0/avr25\libgcc.a(_copy_data.o)
 .text.libgcc.fmul
                0x00000000        0x0 c:/program files (x86)/atmel/studio/7.0/toolchain/avr8/avr8-gnu-toolchain/bin/../lib/gcc/avr/5.4.0/avr25\libgcc.a(_copy_data.o)
 .text.libgcc.fixed
                0x00000000        0x0 c:/program files (x86)/atmel/studio/7.0/toolchain/avr8/avr8-gnu-toolchain/bin/../lib/gcc/avr/5.4.0/avr25\libgcc.a(_copy_data.o)
 .text          0x00000000        0x0 c:/program files (x86)/atmel/studio/7.0/toolchain/avr8/avr8-gnu-toolchain/bin/../lib/gcc/avr/5.4.0/avr25\libgcc.a(_clear_bss.o)
 .data          0x00000000        0x0 c:/program files (x86)/atmel/studio/7.0/toolchain/avr8/avr8-gnu-toolchain/bin/../lib/gcc/avr/5.4.0/avr25\libgcc.a(_clear_bss.o)
 .bss           0x00000000        0x0 c:/program files (x86)/atmel/studio/7.0/toolchain/avr8/avr8-gnu-toolchain/bin/../lib/gcc/avr/5.4.0/avr25\libgcc.a(_clear_bss.o)
 .text.libgcc.mul
                0x00000000        0x0 c:/program files (x86)/atmel/studio/7.0/toolchain/avr8/avr8-gnu-toolchain/bin/../lib/gcc/avr/5.4.0/avr25\libgcc.a(_clear_bss.o)
 .text.libgcc.div
                0x00000000        0x0 c:/program files (x86)/atmel/studio/7.0/toolchain/avr8/avr8-gnu-toolchain/bin/../lib/gcc/avr/5.4.0/avr25\libgcc.a(_clear_bss.o)
 .text.libgcc   0x00000000        0x0 c:/program files (x86)/atmel/studio/7.0/toolchain/avr8/avr8-gnu-toolchain/bin/../lib/gcc/avr/5.4.0/avr25\libgcc.a(_clear_bss.o)
 .text.libgcc.prologue
                0x00000000        0x0 c:/program files (x86)/atmel/studio/7.0/toolchain/avr8/avr8-gnu-toolchain/bin/../lib/gcc/avr/5.4.0/avr25\libgcc.a(_clear_bss.o)
 .text.libgcc.builtins
                0x00000000        0x0 c:/program files (x86)/atmel/studio/7.0/toolchain/avr8/avr8-gnu-toolchain/bin/../lib/gcc/avr/5.4.0/avr25\libgcc.a(_clear_bss.o)
 .text.libgcc.fmul
                0x00000000        0x0 c:/program files (x86)/atmel/studio/7.0/toolchain/avr8/avr8-gnu-toolchain/bin/../lib/gcc/avr/5.4.0/avr25\libgcc.a(_clear_bss.o)
 .text.libgcc.fixed
                0x00000000        0x0 c:/program files (x86)/atmel/studio/7.0/toolchain/avr8/avr8-gnu-toolchain/bin/../lib/gcc/avr/5.4.0/avr25\libgcc.a(_clear_bss.o)

Memory Configuration

Name             Origin             Length             Attributes
text             0x00000000         0x00002000         xr
data             0x00800060         0x0000ffa0         rw !x
eeprom           0x00810000         0x00010000         rw !x
fuse             0x00820000         0x00000003         rw !x
lock             0x00830000         0x00000400         rw !x
signature        0x00840000         0x00000400         rw !x
user_signatures  0x00850000         0x00000400         rw !x
*default*        0x00000000         0xffffffff

Linker script and memory map

LOAD C:/Program Files (x86)/Atmel/Studio/7.0/Packs/atmel/ATtiny_DFP/1.2.118/gcc/dev/attiny44a/avr25/crtattiny44a.o
LOAD batterymeter.o
LOAD buttons.o
LOAD main.o
START GROUP
LOAD c:/program files (x86)/atmel/studio/7.0/toolchain/avr8/avr8-gnu-toolchain/bin/../lib/gcc/avr/5.4.0/../../../../avr/lib/avr25\libm.a
END GROUP
START GROUP
LOAD c:/program files (x86)/atmel/studio/7.0/toolchain/avr8/avr8-gnu-toolchain/bin/../lib/gcc/avr/5.4.0/avr25\libgcc.a
LOAD c:/program files (x86)/atmel/studio/7.0/toolchain/avr8/avr8-gnu-toolchain/bin/../lib/gcc/avr/5.4.0/../../../../avr/lib/avr25\libm.a
LOAD c:/program files (x86)/atmel/studio/7.0/toolchain/avr8/avr8-gnu-toolchain/bin/../lib/gcc/avr/5.4.0/../../../../avr/lib/avr25\libc.a
LOAD C:/Program Files (x86)/Atmel/Studio/7.0/Packs/atmel/ATtiny_DFP/1.2.118/gcc/dev/attiny44a/avr25\libattiny44a.a
END GROUP
                0x00002000                __TEXT_REGION_LENGTH__ = DEFINED (__TEXT_REGION_LENGTH__)?__TEXT_REGION_LENGTH__:0x2000
                0x0000ffa0                __DATA_REGION_LENGTH__ = DEFINED (__DATA_REGION_LENGTH__)?__DATA_REGION_LENGTH__:0xffa0
                0x00010000                __EEPROM_REGION_LENGTH__ = DEFINED (__EEPROM_REGION_LENGTH__)?__EEPROM_REGION_LENGTH__:0x10000
                [0x00000003]                __FUSE_REGION_LENGTH__ = DEFINED (__FUSE_REGION_LENGTH__)?__FUSE_REGION_LENGTH__:0x400
                0x00000400                __LOCK_REGION_LENGTH__ = DEFINED (__LOCK_REGION_LENGTH__)?__LOCK_REGION_LENGTH__:0x400
                0x00000400                __SIGNATURE_REGION_LENGTH__ = DEFINED (__SIGNATURE_REGION_LENGTH__)?__SIGNATURE_REGION_LENGTH__:0x400
                0x00000400                __USER_SIGNATURE_REGION_LENGTH__ = DEFINED (__USER_SIGNATURE_REGION_LENGTH__)?__USER_SIGNATURE_REGION_LENGTH__:0x400

.hash
 *(.hash)

.dynsym
 *(.dynsym)

.dynstr
 *(.dynstr)

.gnu.version
 *(.gnu.version)

.gnu.version_d
 *(.gnu.version_d)

.gnu.version_r
 *(.gnu.version_r)

.rel.init
 *(.rel.init)

.rela.init
 *(.rela.init)

.rel.text
 *(.rel.text)
 *(.rel.text.*)
 *(.rel.gnu.linkonce.t*)

.rela.text
 *(.rela.text)
 *(.rela.text.*)
 *(.rela.gnu.linkonce.t*)

.rel.fini
 *(.rel.fini)

.rela.fini
 *(.rela.fini)

.rel.rodata
 *(.rel.rodata)
 *(.rel.rodata.*)
 *(.rel.gnu.linkonce.r*)

.rela.rodata
 *(.rela.rodata)
 *(.rela.rodata.*)
 *(.rela.gnu.linkonce.r*)

.rel.data
 *(.rel.data)
 *(.rel.data.*)
 *(.rel.gnu.linkonce.d*)

.rela.data
 *(.rela.data)
 *(.rela.data.*)
 *(.rela.gnu.linkonce.d*)

.rel.ctors
 *(.rel.ctors)

.rela.ctors
 *(.rela.ctors)

.rel.dtors
 *(.rel.dtors)

.rela.dtors
 *(.rela.dtors)

.rel.got
 *(.rel.got)

.rela.got
 *(.rela.got)

.rel.bss
 *(.rel.bss)

.rela.bss
 *(.rela.bss)

.rel.plt
 *(.rel.plt)

.rela.plt
 *(.rela.plt)

.text           0x00000000      0x400
 *(.vectors)
 .vectors       0x00000000       0x22 C:/Program Files (x86)/Atmel/Studio/7.0/Packs/atmel/ATtiny_DFP/1.2.118/gcc/dev/attiny44a/avr25/crtattiny44a.o
                0x00000000                __vector_default
                0x00000000                __vectors
 *(.vectors)
 *(.progmem.gcc*)
                0x00000022                . = ALIGN (0x2)
                0x00000022                __trampolines_start = .
 *(.trampolines)
 .trampolines   0x00000022        0x0 linker stubs
 *(.trampolines*)
                0x00000022                __trampolines_end = .
 *libprintf_flt.a:*(.progmem.data)
 *libc.a:*(.progmem.data)
 *(.progmem*)
 .progmem.data.anims
                0x00000022       0xe1 main.o
                0x00000022                anims
 .progmem.data.anims_start
                0x00000103        0x2 main.o
                0x00000103                anims_start
                0x00000106                . = ALIGN (0x2)
 *fill*         0x00000105        0x1 
 *(.jumptables)
 *(.jumptables*)
 *(.lowtext)
 *(.lowtext*)
                0x00000106                __ctors_start = .
 *(.ctors)
                0x00000106                __ctors_end = .
                0x00000106                __dtors_start = .
 *(.dtors)
                0x00000106                __dtors_end = .
 SORT(*)(.ctors)
 SORT(*)(.dtors)
 *(.init0)
 .init0         0x00000106        0x0 C:/Program Files (x86)/Atmel/Studio/7.0/Packs/atmel/ATtiny_DFP/1.2.118/gcc/dev/attiny44a/avr25/crtattiny44a.o
                0x00000106                __init
 *(.init0)
 *(.init1)
 *(.init1)
 *(.init2)
 .init2         0x00000106        0xc C:/Program Files (x86)/Atmel/Studio/7.0/Packs/atmel/ATtiny_DFP/1.2.118/gcc/dev/attiny44a/avr25/crtattiny44a.o
 *(.init2)
 *(.init3)
 *(.init3)
 *(.init4)
 .init4         0x00000112       0x16 c:/program files (x86)/atmel/studio/7.0/toolchain/avr8/avr8-gnu-toolchain/bin/../lib/gcc/avr/5.4.0/avr25\libgcc.a(_copy_data.o)
                0x00000112                __do_copy_data
 .init4         0x00000128       0x10 c:/program files (x86)/atmel/studio/7.0/toolchain/avr8/avr8-gnu-toolchain/bin/../lib/gcc/avr/5.4.0/avr25\libgcc.a(_clear_bss.o)
                0x00000128                __do_clear_bss
 *(.init4)
 *(.init5)
 *(.init5)
 *(.init6)
 *(.init6)
 *(.init7)
 *(.init7)
 *(.init8)
 *(.init8)
 *(.init9)
 .init9         0x00000138        0x4 C:/Program Files (x86)/Atmel/Studio/7.0/Packs/atmel/ATtiny_DFP/1.2.118/gcc/dev/attiny44a/avr25/crtattiny44a.o
 *(.init9)
 *(.text)
 .text          0x0000013c        0x2 C:/Program Files (x86)/Atmel/Studio/7.0/Packs/atmel/ATtiny_DFP/1.2.118/gcc/dev/attiny44a/avr25/crtattiny44a.o
                0x0000013c                __vector_1
                0x0000013c                __vector_12
                0x0000013c                __bad_interrupt
                0x0000013c                __vector_6
                0x0000013c                __vector_3
                0x0000013c                __vector_13
                0x0000013c                __vector_7
                0x0000013c                __vector_5
                0x0000013c                __vector_4
                0x0000013c                __vector_9
                0x0000013c                __vector_2
                0x0000013c                __vector_15
                0x0000013c                __vector_8
                0x0000013c                __vector_14
                0x0000013c                __vector_10
                0x0000013c                __vector_16
                0x0000013e                . = ALIGN (0x2)
 *(.text.*)
 .text.initAD   0x0000013e       0x1a batterymeter.o
                0x0000013e                initAD
 .text.batteryMeasure
                0x00000158       0x12 batterymeter.o
                0x00000158                batteryMeasure
 .text.button0_init
                0x0000016a       0x22 buttons.o
                0x0000016a                button0_init
 .text.init_peripherals
                0x0000018c       0x1e main.o
                0x0000018c                init_peripherals
 .text.init_main
                0x000001aa       0x56 main.o
                0x000001aa                init_main
 .text.main     0x00000200       0x1a main.o
                0x00000200                main
 .text.get_next_animation
                0x0000021a       0x50 main.o
                0x0000021a                get_next_animation
 .text.__vector_11
                0x0000026a      0x192 main.o
                0x0000026a                __vector_11
                0x000003fc                . = ALIGN (0x2)
 *(.fini9)
 .fini9         0x000003fc        0x0 c:/program files (x86)/atmel/studio/7.0/toolchain/avr8/avr8-gnu-toolchain/bin/../lib/gcc/avr/5.4.0/avr25\libgcc.a(_exit.o)
                0x000003fc                _exit
                0x000003fc                exit
 *(.fini9)
 *(.fini8)
 *(.fini8)
 *(.fini7)
 *(.fini7)
 *(.fini6)
 *(.fini6)
 *(.fini5)
 *(.fini5)
 *(.fini4)
 *(.fini4)
 *(.fini3)
 *(.fini3)
 *(.fini2)
 *(.fini2)
 *(.fini1)
 *(.fini1)
 *(.fini0)
 .fini0         0x000003fc        0x4 c:/program files (x86)/atmel/studio/7.0/toolchain/avr8/avr8-gnu-toolchain/bin/../lib/gcc/avr/5.4.0/avr25\libgcc.a(_exit.o)
 *(.fini0)
                0x00000400                _etext = .

.data           0x00800060       0x14 load address 0x00000400
                0x00800060                PROVIDE (__data_start, .)
 *(.data)
 *(.data*)
 .data.pwmshift
                0x00800060        0x1 main.o
                0x00800060                pwmshift
 .data.pwmcnt   0x00800061        0x1 main.o
                0x00800061                pwmcnt
 .data.anim_now
                0x00800062        0xf main.o
                0x00800062                anim_now
 .data.anim_idx
                0x00800071        0x2 main.o
                0x00800071                anim_idx
 *(.rodata)
 *(.rodata*)
 *(.gnu.linkonce.d*)
                0x00800074                . = ALIGN (0x2)
 *fill*         0x00800073        0x1 
                0x00800074                _edata = .
                0x00800074                PROVIDE (__data_end, .)

.bss            0x00800074       0x18
                0x00800074                PROVIDE (__bss_start, .)
 *(.bss)
 *(.bss*)
 .bss.system_cnt
                0x00800074        0x1 main.o
                0x00800074                system_cnt
 .bss.animcnt   0x00800075        0x1 main.o
                0x00800075                animcnt
 .bss.oldal     0x00800076        0x1 main.o
                0x00800076                oldal
 .bss.wait_cnt  0x00800077        0x1 main.o
                0x00800077                wait_cnt
 .bss.repeat_cnt
                0x00800078        0x1 main.o
                0x00800078                repeat_cnt
 .bss.anim_out  0x00800079        0xd main.o
                0x00800079                anim_out
 .bss.anims_start_idx
                0x00800086        0x2 main.o
                0x00800086                anims_start_idx
 *(COMMON)
 COMMON         0x00800088        0x4 buttons.o
                0x00800088                button0_status
                0x00800089                button0_longTimer
                0x0080008a                button0_timer
                0x0080008b                button0_phase
                0x0080008c                PROVIDE (__bss_end, .)
                0x00000400                __data_load_start = LOADADDR (.data)
                0x00000414                __data_load_end = (__data_load_start + SIZEOF (.data))

.noinit         0x0080008c        0x0
                [!provide]                PROVIDE (__noinit_start, .)
 *(.noinit*)
                [!provide]                PROVIDE (__noinit_end, .)
                0x0080008c                _end = .
                [!provide]                PROVIDE (__heap_start, .)

.eeprom         0x00810000        0x0
 *(.eeprom*)
                0x00810000                __eeprom_end = .

.fuse
 *(.fuse)
 *(.lfuse)
 *(.hfuse)
 *(.efuse)

.lock
 *(.lock*)

.signature
 *(.signature*)

.user_signatures
 *(.user_signatures*)

.stab
 *(.stab)

.stabstr
 *(.stabstr)

.stab.excl
 *(.stab.excl)

.stab.exclstr
 *(.stab.exclstr)

.stab.index
 *(.stab.index)

.stab.indexstr
 *(.stab.indexstr)

.comment        0x00000000       0x30
 *(.comment)
 .comment       0x00000000       0x30 batterymeter.o
                                 0x31 (size before relaxing)
 .comment       0x00000030       0x31 buttons.o
 .comment       0x00000030       0x31 main.o

.note.gnu.avr.deviceinfo
                0x00000000       0x3c
 .note.gnu.avr.deviceinfo
                0x00000000       0x3c C:/Program Files (x86)/Atmel/Studio/7.0/Packs/atmel/ATtiny_DFP/1.2.118/gcc/dev/attiny44a/avr25/crtattiny44a.o

.note.gnu.build-id
 *(.note.gnu.build-id)

.debug
 *(.debug)

.line
 *(.line)

.debug_srcinfo
 *(.debug_srcinfo)

.debug_sfnames
 *(.debug_sfnames)

.debug_aranges  0x00000000       0xa8
 *(.debug_aranges)
 .debug_aranges
                0x00000000       0x28 batterymeter.o
 .debug_aranges
                0x00000028       0x28 buttons.o
 .debug_aranges
                0x00000050       0x58 main.o

.debug_pubnames
 *(.debug_pubnames)

.debug_info     0x00000000     0x1134
 *(.debug_info .gnu.linkonce.wi.*)
 .debug_info    0x00000000      0x420 C:/Program Files (x86)/Atmel/Studio/7.0/Packs/atmel/ATtiny_DFP/1.2.118/gcc/dev/attiny44a/avr25/crtattiny44a.o
 .debug_info    0x00000420      0x2ad batterymeter.o
 .debug_info    0x000006cd      0x291 buttons.o
 .debug_info    0x0000095e      0x7d6 main.o

.debug_abbrev   0x00000000      0x88d
 *(.debug_abbrev)
 .debug_abbrev  0x00000000      0x3e8 C:/Program Files (x86)/Atmel/Studio/7.0/Packs/atmel/ATtiny_DFP/1.2.118/gcc/dev/attiny44a/avr25/crtattiny44a.o
 .debug_abbrev  0x000003e8      0x14c batterymeter.o
 .debug_abbrev  0x00000534      0x108 buttons.o
 .debug_abbrev  0x0000063c      0x251 main.o

.debug_line     0x00000000      0x8b1
 *(.debug_line .debug_line.* .debug_line_end)
 .debug_line    0x00000000       0xfd C:/Program Files (x86)/Atmel/Studio/7.0/Packs/atmel/ATtiny_DFP/1.2.118/gcc/dev/attiny44a/avr25/crtattiny44a.o
 .debug_line    0x000000fd      0x181 batterymeter.o
 .debug_line    0x0000027e      0x1a6 buttons.o
 .debug_line    0x00000424      0x48d main.o

.debug_frame    0x00000000      0x144
 *(.debug_frame)
 .debug_frame   0x00000000       0x34 batterymeter.o
 .debug_frame   0x00000034       0x34 buttons.o
 .debug_frame   0x00000068       0xdc main.o

.debug_str      0x00000000      0x548
 *(.debug_str)
 .debug_str     0x00000000      0x173 C:/Program Files (x86)/Atmel/Studio/7.0/Packs/atmel/ATtiny_DFP/1.2.118/gcc/dev/attiny44a/avr25/crtattiny44a.o
 .debug_str     0x00000173      0x1ec batterymeter.o
                                0x225 (size before relaxing)
 .debug_str     0x0000035f       0xb3 buttons.o
                                0x23d (size before relaxing)
 .debug_str     0x00000412      0x136 main.o
                                0x3a3 (size before relaxing)

.debug_loc      0x00000000      0x693
 *(.debug_loc)
 .debug_loc     0x00000000       0xc1 batterymeter.o
 .debug_loc     0x000000c1       0x52 buttons.o
 .debug_loc     0x00000113      0x580 main.o

.debug_macinfo
 *(.debug_macinfo)

.debug_weaknames
 *(.debug_weaknames)

.debug_funcnames
 *(.debug_funcnames)

.debug_typenames
 *(.debug_typenames)

.debug_varnames
 *(.debug_varnames)

.debug_pubtypes
 *(.debug_pubtypes)

.debug_ranges   0x00000000       0x78
 *(.debug_ranges)
 .debug_ranges  0x00000000       0x18 batterymeter.o
 .debug_ranges  0x00000018       0x18 buttons.o
 .debug_ranges  0x00000030       0x48 main.o

.debug_macro
 *(.debug_macro)
OUTPUT(SEM-karifa.elf elf32-avr)
LOAD linker stubs
